$ vera --run cap.va
=== cap ===
--- point 0 ---
  x[p] = 0.000000e0
  x[n] = 0.000000e0
  x[ddtZ240] = 0.000000e0
t = 0 s: V = 0 V, I = 0 A
--- point 1 ---
  x[p] = 1.000000e0
  x[n] = 0.000000e0
  x[ddtZ240] = 1.000000e-3
  t = 1.000000e-6  dt = 1.000000e-6
t = 1e-06 s: V = 1 V, I = 0.001 A
--- point 2 ---
  x[p] = 2.000000e0
  x[n] = 0.000000e0
  x[ddtZ240] = 1.000000e-3
  t = 2.000000e-6  dt = 1.000000e-6
t = 2e-06 s: V = 2 V, I = 0.001 A
--- point 3 ---
  x[p] = 3.000000e0
  x[n] = 0.000000e0
  x[ddtZ240] = 1.000000e-3
  t = 3.000000e-6  dt = 1.000000e-6
t = 3e-06 s: V = 3 V, I = 0.001 A
