$ vera --run comparator.va
=== comparator ===
--- point 0 ---
  x[in] = 0.000000e0
t = 0  V(in) = 0  q = 0
--- point 1 ---
  x[in] = 4.000000e-1
  t = 1.000000e-8  dt = 1.000000e-8
t = 1e-08  V(in) = 0.4  q = 0
15 ns: q = 1
--- point 2 ---
  x[in] = 6.000200e-1
  t = 1.500050e-8  dt = 5.000500e-9
t = 1.50005e-08  V(in) = 0.60002  q = 1
--- point 3 ---
  x[in] = 8.000000e-1
  t = 2.000000e-8  dt = 4.999500e-9
t = 2e-08  V(in) = 0.8  q = 1
--- point 4 ---
  x[in] = 1.200000e0
  t = 3.000000e-8  dt = 1.000000e-8
t = 3e-08  V(in) = 1.2  q = 1
36 ns: q = 0
--- point 5 ---
  x[in] = 5.999500e-1
  t = 3.600050e-8  dt = 6.000500e-9
t = 3.60005e-08  V(in) = 0.59995  q = 0
--- point 6 ---
  x[in] = 2.000000e-1
  t = 4.000000e-8  dt = 3.999500e-9
t = 4e-08  V(in) = 0.2  q = 0
