$ vera --run flicker.va
=== flicker ===
noise count got=2 want=2 ok=1
noise[0] got=thermal(p,n)#0 want=thermal(p,n)#0 ok=1
noise[1] got=flicker(p,n)#1 want=flicker(p,n)#1 ok=1
noise[0].name got=shot want=shot ok=1
noise[1].name got=flicker want=flicker ok=1
--- point 0 ---
  x[p] = 1.000000e0
  x[n] = 0.000000e0
noise[0].white got=0.0000000000000000000003204352924 want=0.0000000000000000000003204352924 ok=1
noise[1].flicker got=0.0000000000000000009999999999999999 want=0.000000000000000001 ok=1
noise[1].ef got=1 want=1 ok=1
warning[W0650]: unit is not provably finite, so it compiles in strict float mode: unit 0 — I(p,n) — compiles with @setFloatMode(.strict)
  --> flicker.va:24:5
   |
24 |     I(p, n) <+ i
   |     ^
   |     - an expression of parameter `af` is not provably finite
   |
   = note: LRM 4.3
   = help: constrain the operands with a range or a guard the prover can see
   = note: `.strict` is correct and spec-legal — this warning is about speed, not correctness
   = help: run `vera --explain W0650` for a detailed explanation

warning: 1 warning(s) emitted
