$ vera --run partial.va
=== partial ===
noise count got=4 want=4 ok=1
noise[0] got=thermal(a,b)#0 want=thermal(a,b)#0 ok=1
noise[1] got=thermal(a,b)#1 want=thermal(a,b)#2 ok=0
noise[2] got=thermal(b,c)#2 want=thermal(b,c)#1 ok=0
noise[3] got=thermal(b,c)#1 want=thermal(b,c)#2 ok=0
--- point 0 ---
  x[a] = 1.000000e0
  x[b] = 5.000000e-1
  x[c] = 0.000000e0
warning[W0650]: unit is not provably finite, so it compiles in strict float mode: unit 0 — I(a,b) — compiles with @setFloatMode(.strict)
  --> partial.va:23:5
   |
23 |     I(a, b) <+ 1e-9 * (n1 + n12);
   |     ^
   |     - a computed expression is not provably finite
   |
   = note: LRM 4.3
   = help: constrain the operands with a range or a guard the prover can see
   = note: `.strict` is correct and spec-legal — this warning is about speed, not correctness
   = help: run `vera --explain W0650` for a detailed explanation

warning[W0650]: unit is not provably finite, so it compiles in strict float mode: unit 1 — I(b,c) — compiles with @setFloatMode(.strict)
  --> partial.va:24:5
   |
24 |     I(b, c) <+ 1e-9 * (n2 + n12);
   |     ^
   |     - a computed expression is not provably finite
   |
   = note: LRM 4.3
   = help: constrain the operands with a range or a guard the prover can see
   = note: `.strict` is correct and spec-legal — this warning is about speed, not correctness

warning: 2 warning(s) emitted
