$ vera --run first_sample.va
=== first_sample ===
--- point 0 ---
  x[in] = 5.000000e-2
  x[clk] = 0.000000e0
  x[out] = 0.000000e0
  x[flowZ28outZ2cgndZ29] = 0.000000e0
t = 0  held = 0.05
--- point 1 ---
  x[in] = 1.000000e-1
  x[clk] = 0.000000e0
  x[out] = 0.000000e0
  x[flowZ28outZ2cgndZ29] = 0.000000e0
  t = 1.000000e-6  dt = 1.000000e-6
t = 1e-06  held = 0.05
--- point 2 ---
  x[in] = 2.000000e-1
  x[clk] = 1.000000e0
  x[out] = 0.000000e0
  x[flowZ28outZ2cgndZ29] = 0.000000e0
  t = 2.000000e-6  dt = 1.000000e-6
t = 2e-06  held = 0.2
--- point 3 ---
  x[in] = 3.000000e-1
  x[clk] = 1.000000e0
  x[out] = 0.000000e0
  x[flowZ28outZ2cgndZ29] = 0.000000e0
  t = 3.000000e-6  dt = 1.000000e-6
t = 3e-06  held = 0.2
warning[W0750]: event fires on the testbench's fixed time grid, not at its own time: the testbench inserts no timepoint at it
  --> first_sample.va:17:5
   |
17 |     @(initial_step or cross(V(clk) - 0.5, +1))
   |     ^
   |
   = note: LRM 5.10.3
   = help: run `vera --explain W0750` for a detailed explanation

warning[W0650]: unit is not provably finite, so it compiles in strict float mode: unit 0 — V(out,gnd) — compiles with @setFloatMode(.strict)
  --> first_sample.va:19:5
   |
19 |     V(out) <+ held;
   |     ^
   |     - an expression of a probe of node `in` is not provably finite
   |
   = note: LRM 4.3
   = help: constrain the operands with a range or a guard the prover can see
   = note: `.strict` is correct and spec-legal — this warning is about speed, not correctness
   = help: run `vera --explain W0650` for a detailed explanation

warning: 2 warning(s) emitted
