$ vera --run ladder.va
=== ladder ===
--- point 0 ---
  x[p] = 5.000000e-1
  x[n] = 0.000000e0
count 3, mode 0: g = 0.00183333 S, I = 0.000916667 A
warning[W0650]: unit is not provably finite, so it compiles in strict float mode: unit 0 — I(p,n) — compiles with @setFloatMode(.strict)
  --> ladder.va:24:10
   |
24 |       0: I(p, n) <+ g * V(p, n);
   |          ^ a computed expression is not provably finite
   |
   = note: LRM 4.3
   = help: constrain the operands with a range or a guard the prover can see
   = note: `.strict` is correct and spec-legal — this warning is about speed, not correctness
   = help: run `vera --explain W0650` for a detailed explanation

warning: 1 warning(s) emitted
$ vera --run --param mode=1 ladder.va
=== ladder ===
--- point 0 ---
  x[p] = 5.000000e-1
  x[n] = 0.000000e0
count 3, mode 1: g = 0.00183333 S, I = 0.00183333 A
warning[W0650]: unit is not provably finite, so it compiles in strict float mode: unit 0 — I(p,n) — compiles with @setFloatMode(.strict)
  --> ladder.va:24:10
   |
24 |       0: I(p, n) <+ g * V(p, n);
   |          ^ a computed expression is not provably finite
   |
   = note: LRM 4.3
   = help: constrain the operands with a range or a guard the prover can see
   = note: `.strict` is correct and spec-legal — this warning is about speed, not correctness
   = help: run `vera --explain W0650` for a detailed explanation

warning: 1 warning(s) emitted
