$ vera --run pnjlim.va
=== pnjlim ===
--- point 0 ---
  x[a] = 9.000000e-1
  x[k] = 0.000000e0
  x[ai] = 9.000000e-1
limit[0].ai got=0.7947939867307013 want=0.7947939867307013 ok=1
limit[0].converged got=0 want=0 ok=1
limit[1].ai got=0.9 want=0.9 ok=1
limit[1].converged got=1 want=1 ok=1
warning[W0650]: unit is not provably finite, so it compiles in strict float mode: unit 1 — I(k,ai) — compiles with @setFloatMode(.strict)
  --> pnjlim.va:34:5
   |
34 |     I(ai, k) <+ is * (exp(vd / vte) - 1);
   |     ^
   |     - an expression of parameter `vte` is not provably finite
   |
   = note: LRM 4.3
   = help: constrain the operands with a range or a guard the prover can see
   = note: `.strict` is correct and spec-legal — this warning is about speed, not correctness
   = help: run `vera --explain W0650` for a detailed explanation

warning: 1 warning(s) emitted
