$ vera --run vcrit.va
=== vcrit ===
--- point 0 ---
  x[a] = 0.000000e0
  x[k] = 0.000000e0
vcrit = 0.705018 V
warning[W0650]: unit is not provably finite, so it compiles in strict float mode: unit 0 — I(a,k) — compiles with @setFloatMode(.strict)
  --> vcrit.va:15:5
   |
15 |     I(a, k) <+ is * (limexp($limit(V(a, k), "pnjlim", vte, vcrit) / vte) - 1);
   |     ^
   |     - an expression of parameter `vte` is not provably finite
   |
   = note: LRM 4.3
   = help: constrain the operands with a range or a guard the prover can see
   = note: `.strict` is correct and spec-legal — this warning is about speed, not correctness
   = help: run `vera --explain W0650` for a detailed explanation

warning[W0853]: $limit is not applied at this call: $limit(V(a,k), "pnjlim"): both nets are §6.5 ports, which the host masks — there is nothing private to correct
  --> vcrit.va:15:29
   |
15 |     I(a, k) <+ is * (limexp($limit(V(a, k), "pnjlim", vte, vcrit) / vte) - 1);
   |                             ^^^^^^
   |
   = note: LRM 9.17.3
   = help: limit across an internal node, such as the one behind a series resistance
   = help: run `vera --explain W0853` for a detailed explanation

warning: 2 warning(s) emitted
