$ vera --check nmos1.va
warning[W0650]: unit is not provably finite, so it compiles in strict float mode: unit 0 — I(di,si) — compiles with @setFloatMode(.strict)
  --> nmos1.va:57:5
   |
57 |     I(di, si) <+ ids;
   |     ^
   |     - a computed expression is not provably finite
   |
   = note: LRM 4.3
   = help: constrain the operands with a range or a guard the prover can see
   = note: `.strict` is correct and spec-legal — this warning is about speed, not correctness
   = help: run `vera --explain W0650` for a detailed explanation

warning[W0850]: task dropped: a device does not print and has no file table: `$strobe`
  --> nmos1.va:67:5
   |
67 |     $strobe("vgs = %.1f V  vds = %.1f V  ids = %.5e A", V(g, s), V(d, s), ids);
   |     ^^^^^^^
   |
   = note: LRM 9.4
   = help: run `vera --explain W0850` for a detailed explanation

warning: 2 warning(s) emitted
