$ vera --run hot.va
=== hot ===
--- point 0 ---
  x[d] = 2.000000e0
  x[g] = 1.500000e0
  x[s] = 0.000000e0
  x[di] = 2.000000e0
  x[si] = 0.000000e0
  x[flowZ28dZ2cdiZ29] = 4.087540e-4
  x[flowZ28sZ2csiZ29] = -4.087540e-4
vgs = 1.5 V  vds = 2.0 V  ids = 4.08754e-04 A
warning[W0650]: unit is not provably finite, so it compiles in strict float mode: unit 0 — I(di,si) — compiles with @setFloatMode(.strict)
  --> hot.va:47:5
   |
47 |     I(di, si) <+ ids;
   |     ^
   |     - a computed expression is not provably finite
   |
   = note: LRM 4.3
   = help: constrain the operands with a range or a guard the prover can see
   = note: `.strict` is correct and spec-legal — this warning is about speed, not correctness
   = help: run `vera --explain W0650` for a detailed explanation

warning: 1 warning(s) emitted
