$ vera --lint typo.va
error[E0314]: unknown identifier: `rr`
 --> typo.va:7:31
  |
7 |   analog I(p, n) <+ V(p, n) / rr;
  |                               ^^
  |
  = note: LRM 6.8
  = help: did you mean `r`?
  |
7 |   analog I(p, n) <+ V(p, n) / r;
  |                               ~
  = help: run `vera --explain E0314` for a detailed explanation

error: could not compile due to 1 previous error(s)
(exit 1)
$ vera --color=never --explain E0314
E0314: unknown identifier
LRM 6.8

Nothing with this name is declared in scope — not a variable, a
parameter, a net, a branch, a discipline, or a function.
